mysql> create table Emp(
    -> ID int,
    -> Name varchar(20),
    -> Age int,
    -> Address varchar(20),
    -> Salary int
    -> );
Query OK, 0 rows affected (1.30 sec)

mysql> insert into Emp(ID,Name,Age,Address,Salary)values('1','ID','Name','Age','Address','Salary');
ERROR 1136 (21S01): Column count doesn't match value count at row 1
mysql> insert into Emp(ID,Name,Age,Address,Salary)values('1','naveen','23','banglore','20000');
Query OK, 1 row affected (0.18 sec)

mysql> insert into Emp(ID,Name,Age,Address,Salary)values('2','varun','20','hyderabad','22000');
Query OK, 1 row affected (0.26 sec)

mysql> insert into Emp(ID,Name,Age,Address,Salary)values('3','tanuja','22','chennai','25000');
Query OK, 1 row affected (0.07 sec)

mysql> insert into Emp(ID,Name,Age,Address,Salary)values('4','charan','21','rajampet','26000');
Query OK, 1 row affected (0.23 sec)

mysql> insert into Emp(ID,Name,Age,Address,Salary)values('5','harsha','19','tirupati','23000');
Query OK, 1 row affected (0.06 sec)

mysql> insert into Emp(ID,Name,Age,Address,Salary)values('6','anjali','23','kadapa','28000');
Query OK, 1 row affected (0.21 sec)

mysql> select*from Emp;
+------+--------+------+-----------+--------+
| ID   | Name   | Age  | Address   | Salary |
+------+--------+------+-----------+--------+
|    1 | naveen |   23 | banglore  |  20000 |
|    2 | varun  |   24 | hyderabad |  22000 |
|    3 | tanuja |   25 | chennai   |  25000 |
|    4 | charan |   21 | rajampet  |  26000 |
|    5 | harsha |   19 | tirupati  |  23000 |
|    6 | anjali |   23 | kadapa    |  28000 |
+------+--------+------+-----------+--------+
6 rows in set (0.00 sec)

DECLARE   
   total_rows number(2);  
BEGIN  
   UPDATE  customers  
   SET salary = salary + 5000;  
   IF sql%notfound THEN  
      dbms_output.put_line('no customers updated');  
   ELSIF sql%found THEN  
      total_rows := sql%rowcount;  
      dbms_output.put_line( total_rows || ' customers updated ');  
   END IF;   
END;  
/  

6 customers updated
PL/SQL procedure successfully completed.
